# 배정표 생성 로그 (§5.2 ⑥) — 2026-08-20T16:42:26.912574+00:00
seed: 20260820
시도 횟수: 1
n: 24

## focal 분포
- C1: 6명
- C2: 6명
- C3: 6명
- C4: 6명

## strata 분포 (A-level × focal condition)
- A0 (n=8): C1=2 · C2=2 · C3=2 · C4=2 — max−min=0
- A1 (n=8): C1=2 · C2=2 · C3=2 · C4=2 — max−min=0
- A2 (n=8): C1=2 · C2=2 · C3=2 · C4=2 — max−min=0

## mismatch_locus 분포
- affective_tone_intensity: 5명
- content_depth: 5명
- context_memory_use: 5명
- interpretation: 5명
- trajectory_timing: 4명

## D-41 적용 (2026-08-26, §10.3 파일럿 조정)
- pair_order를 전 행 정본 순서(sequence → scope → stopping)로 고침. 다른 열은 그대로다.
- 재생성이 아니라 **한 열 수정**이다: `--dummy` 재생성은 실값 dossier(P08·P10·P23)가
  착지한 뒤로 strata가 달라져 이 표를 더 이상 재현하지 않는다(생성 당시 표를 보존한다).

## 제약 재검증 (NT-32)
- ✅ 전 제약 통과
